../Core/Src/main.c:106:5:main	5
../Core/Src/main.c:211:6:SystemClock_Config	3
../Core/Src/main.c:258:13:MX_TIM1_Init	7
../Core/Src/main.c:331:13:MX_TIM3_Init	5
../Core/Src/main.c:384:13:MX_TIM4_Init	4
../Core/Src/main.c:433:13:MX_USART2_UART_Init	2
../Core/Src/main.c:466:13:MX_GPIO_Init	1
../Core/Src/main.c:511:13:Drive_Stop	1
../Core/Src/main.c:547:13:Motor_SetSafe	18
../Core/Src/main.c:671:13:Drive_Apply	1
../Core/Src/main.c:699:13:UART_Send	1
../Core/Src/main.c:709:13:Process_Command	7
../Core/Src/main.c:799:6:HAL_UART_RxCpltCallback	6
../Core/Src/main.c:871:6:HAL_UART_ErrorCallback	2
../Core/Src/main.c:890:6:Error_Handler	1
